// Jest Snapshot v1, https://goo.gl/fbAQLP

exports[`index should be vue instance 1`] = `
"<v-layout-stub tag=\\"div\\" wrap=\\"\\" align-center=\\"\\" justify-center=\\"\\">
  <v-flex-stub tag=\\"div\\" text-center=\\"\\" xs12=\\"\\">
    <div class=\\"title-text\\">Lazy loading</div>
    <link-buttons-stub document=\\"https://vuetifyjs.com/en/components/lazy\\" source=\\"https://github.com/reireias/vuetifier/blob/master/components/LazySample.vue\\"></link-buttons-stub>
  </v-flex-stub>
  <v-flex-stub tag=\\"div\\" text-center=\\"\\" xs12=\\"\\">
    <v-lazy-stub minheight=\\"200\\" options=\\"[object Object]\\" tag=\\"div\\" transition=\\"fade-transition\\">
      <v-card-stub loaderheight=\\"4\\" tag=\\"div\\" maxwidth=\\"336\\" class=\\"mx-auto\\">
        <v-card-title-stub>Lazy load</v-card-title-stub>
        <v-card-text-stub> Lazzy load component. </v-card-text-stub>
      </v-card-stub>
    </v-lazy-stub>
  </v-flex-stub>
</v-layout-stub>"
`;
