// Jest Snapshot v1, https://goo.gl/fbAQLP

exports[`index should be vue instance 1`] = `
"<v-layout-stub tag=\\"div\\" wrap=\\"\\" align-center=\\"\\" justify-center=\\"\\">
  <v-flex-stub tag=\\"div\\" text-center=\\"\\" xs12=\\"\\">
    <div class=\\"title-text\\">Theme</div>
    <link-buttons-stub document=\\"https://vuetifyjs.com/en/customization/theme\\" source=\\"https://github.com/reireias/vuetifier/blob/master/components/Theme.vue\\"></link-buttons-stub>
  </v-flex-stub>
  <v-flex-stub tag=\\"div\\" text-center=\\"\\" xs12=\\"\\">
    <v-radio-group-stub valuecomparator=\\"function deepEqual(a, b) {
  if (a === b) return true;

  if (a instanceof Date &amp;&amp; b instanceof Date &amp;&amp; a.getTime() !== b.getTime()) {
    // If the values are Date, compare them as timestamps
    return false;
  }

  if (a !== Object(a) || b !== Object(b)) {
    // If the values aren't objects, they were already checked for equality
    return false;
  }

  var props = Object.keys(a);

  if (props.length !== Object.keys(b).length) {
    // Different number of props, don't bother to check
    return false;
  }

  return props.every(function (p) {
    return deepEqual(a[p], b[p]);
  });
}\\" activeclass=\\"v-item--active\\" tag=\\"div\\" errorcount=\\"1\\" errormessages=\\"\\" messages=\\"\\" rules=\\"\\" successmessages=\\"\\" backgroundcolor=\\"\\" height=\\"auto\\" column=\\"true\\" row=\\"true\\" class=\\"centered-radio\\">
      <v-radio-stub ripple=\\"true\\" label=\\"light\\" officon=\\"$radioOff\\" onicon=\\"$radioOn\\"></v-radio-stub>
      <v-radio-stub ripple=\\"true\\" label=\\"dark\\" officon=\\"$radioOff\\" onicon=\\"$radioOn\\" value=\\"true\\"></v-radio-stub>
    </v-radio-group-stub>
  </v-flex-stub>
  <v-flex-stub tag=\\"div\\" text-center=\\"\\" xs12=\\"\\">
    <v-menu-stub opendelay=\\"0\\" closedelay=\\"0\\" contentclass=\\"\\" maxwidth=\\"auto\\" nudgebottom=\\"0\\" nudgeleft=\\"0\\" nudgeright=\\"0\\" nudgetop=\\"0\\" nudgewidth=\\"0\\" openonclick=\\"true\\" closeonclick=\\"true\\" maxheight=\\"auto\\" offsetx=\\"true\\" origin=\\"top left\\" transition=\\"v-menu-transition\\">
      <v-card-stub loaderheight=\\"4\\" tag=\\"div\\">
        <v-color-picker-stub canvasheight=\\"150\\" dotsize=\\"10\\" flat=\\"true\\" mode=\\"rgba\\" showswatches=\\"true\\" swatchesmaxheight=\\"150\\" width=\\"300\\"></v-color-picker-stub>
        <v-card-actions-stub>
          <v-spacer-stub></v-spacer-stub>
          <v-btn-stub tag=\\"button\\" activeclass=\\"\\" type=\\"button\\">Cancel</v-btn-stub>
          <v-btn-stub color=\\"primary\\" tag=\\"button\\" activeclass=\\"\\" type=\\"button\\">OK</v-btn-stub>
        </v-card-actions-stub>
      </v-card-stub>
    </v-menu-stub>
    <v-menu-stub opendelay=\\"0\\" closedelay=\\"0\\" contentclass=\\"\\" maxwidth=\\"auto\\" nudgebottom=\\"0\\" nudgeleft=\\"0\\" nudgeright=\\"0\\" nudgetop=\\"0\\" nudgewidth=\\"0\\" openonclick=\\"true\\" closeonclick=\\"true\\" maxheight=\\"auto\\" offsetx=\\"true\\" origin=\\"top left\\" transition=\\"v-menu-transition\\">
      <v-card-stub loaderheight=\\"4\\" tag=\\"div\\">
        <v-color-picker-stub canvasheight=\\"150\\" dotsize=\\"10\\" flat=\\"true\\" mode=\\"rgba\\" showswatches=\\"true\\" swatchesmaxheight=\\"150\\" width=\\"300\\"></v-color-picker-stub>
        <v-card-actions-stub>
          <v-spacer-stub></v-spacer-stub>
          <v-btn-stub tag=\\"button\\" activeclass=\\"\\" type=\\"button\\">Cancel</v-btn-stub>
          <v-btn-stub color=\\"primary\\" tag=\\"button\\" activeclass=\\"\\" type=\\"button\\">OK</v-btn-stub>
        </v-card-actions-stub>
      </v-card-stub>
    </v-menu-stub>
    <v-menu-stub opendelay=\\"0\\" closedelay=\\"0\\" contentclass=\\"\\" maxwidth=\\"auto\\" nudgebottom=\\"0\\" nudgeleft=\\"0\\" nudgeright=\\"0\\" nudgetop=\\"0\\" nudgewidth=\\"0\\" openonclick=\\"true\\" closeonclick=\\"true\\" maxheight=\\"auto\\" offsetx=\\"true\\" origin=\\"top left\\" transition=\\"v-menu-transition\\">
      <v-card-stub loaderheight=\\"4\\" tag=\\"div\\">
        <v-color-picker-stub canvasheight=\\"150\\" dotsize=\\"10\\" flat=\\"true\\" mode=\\"rgba\\" showswatches=\\"true\\" swatchesmaxheight=\\"150\\" width=\\"300\\"></v-color-picker-stub>
        <v-card-actions-stub>
          <v-spacer-stub></v-spacer-stub>
          <v-btn-stub tag=\\"button\\" activeclass=\\"\\" type=\\"button\\">Cancel</v-btn-stub>
          <v-btn-stub color=\\"primary\\" tag=\\"button\\" activeclass=\\"\\" type=\\"button\\">OK</v-btn-stub>
        </v-card-actions-stub>
      </v-card-stub>
    </v-menu-stub>
    <v-menu-stub opendelay=\\"0\\" closedelay=\\"0\\" contentclass=\\"\\" maxwidth=\\"auto\\" nudgebottom=\\"0\\" nudgeleft=\\"0\\" nudgeright=\\"0\\" nudgetop=\\"0\\" nudgewidth=\\"0\\" openonclick=\\"true\\" closeonclick=\\"true\\" maxheight=\\"auto\\" offsetx=\\"true\\" origin=\\"top left\\" transition=\\"v-menu-transition\\">
      <v-card-stub loaderheight=\\"4\\" tag=\\"div\\">
        <v-color-picker-stub canvasheight=\\"150\\" dotsize=\\"10\\" flat=\\"true\\" mode=\\"rgba\\" showswatches=\\"true\\" swatchesmaxheight=\\"150\\" width=\\"300\\"></v-color-picker-stub>
        <v-card-actions-stub>
          <v-spacer-stub></v-spacer-stub>
          <v-btn-stub tag=\\"button\\" activeclass=\\"\\" type=\\"button\\">Cancel</v-btn-stub>
          <v-btn-stub color=\\"primary\\" tag=\\"button\\" activeclass=\\"\\" type=\\"button\\">OK</v-btn-stub>
        </v-card-actions-stub>
      </v-card-stub>
    </v-menu-stub>
    <v-menu-stub opendelay=\\"0\\" closedelay=\\"0\\" contentclass=\\"\\" maxwidth=\\"auto\\" nudgebottom=\\"0\\" nudgeleft=\\"0\\" nudgeright=\\"0\\" nudgetop=\\"0\\" nudgewidth=\\"0\\" openonclick=\\"true\\" closeonclick=\\"true\\" maxheight=\\"auto\\" offsetx=\\"true\\" origin=\\"top left\\" transition=\\"v-menu-transition\\">
      <v-card-stub loaderheight=\\"4\\" tag=\\"div\\">
        <v-color-picker-stub canvasheight=\\"150\\" dotsize=\\"10\\" flat=\\"true\\" mode=\\"rgba\\" showswatches=\\"true\\" swatchesmaxheight=\\"150\\" width=\\"300\\"></v-color-picker-stub>
        <v-card-actions-stub>
          <v-spacer-stub></v-spacer-stub>
          <v-btn-stub tag=\\"button\\" activeclass=\\"\\" type=\\"button\\">Cancel</v-btn-stub>
          <v-btn-stub color=\\"primary\\" tag=\\"button\\" activeclass=\\"\\" type=\\"button\\">OK</v-btn-stub>
        </v-card-actions-stub>
      </v-card-stub>
    </v-menu-stub>
    <v-menu-stub opendelay=\\"0\\" closedelay=\\"0\\" contentclass=\\"\\" maxwidth=\\"auto\\" nudgebottom=\\"0\\" nudgeleft=\\"0\\" nudgeright=\\"0\\" nudgetop=\\"0\\" nudgewidth=\\"0\\" openonclick=\\"true\\" closeonclick=\\"true\\" maxheight=\\"auto\\" offsetx=\\"true\\" origin=\\"top left\\" transition=\\"v-menu-transition\\">
      <v-card-stub loaderheight=\\"4\\" tag=\\"div\\">
        <v-color-picker-stub canvasheight=\\"150\\" dotsize=\\"10\\" flat=\\"true\\" mode=\\"rgba\\" showswatches=\\"true\\" swatchesmaxheight=\\"150\\" width=\\"300\\"></v-color-picker-stub>
        <v-card-actions-stub>
          <v-spacer-stub></v-spacer-stub>
          <v-btn-stub tag=\\"button\\" activeclass=\\"\\" type=\\"button\\">Cancel</v-btn-stub>
          <v-btn-stub color=\\"primary\\" tag=\\"button\\" activeclass=\\"\\" type=\\"button\\">OK</v-btn-stub>
        </v-card-actions-stub>
      </v-card-stub>
    </v-menu-stub>
    <v-menu-stub opendelay=\\"0\\" closedelay=\\"0\\" contentclass=\\"\\" maxwidth=\\"auto\\" nudgebottom=\\"0\\" nudgeleft=\\"0\\" nudgeright=\\"0\\" nudgetop=\\"0\\" nudgewidth=\\"0\\" openonclick=\\"true\\" closeonclick=\\"true\\" maxheight=\\"auto\\" offsetx=\\"true\\" origin=\\"top left\\" transition=\\"v-menu-transition\\">
      <v-card-stub loaderheight=\\"4\\" tag=\\"div\\">
        <v-color-picker-stub canvasheight=\\"150\\" dotsize=\\"10\\" flat=\\"true\\" mode=\\"rgba\\" showswatches=\\"true\\" swatchesmaxheight=\\"150\\" width=\\"300\\"></v-color-picker-stub>
        <v-card-actions-stub>
          <v-spacer-stub></v-spacer-stub>
          <v-btn-stub tag=\\"button\\" activeclass=\\"\\" type=\\"button\\">Cancel</v-btn-stub>
          <v-btn-stub color=\\"primary\\" tag=\\"button\\" activeclass=\\"\\" type=\\"button\\">OK</v-btn-stub>
        </v-card-actions-stub>
      </v-card-stub>
    </v-menu-stub>
  </v-flex-stub>
  <v-tooltip-stub opendelay=\\"0\\" closedelay=\\"0\\" contentclass=\\"\\" bottom=\\"true\\" fixed=\\"true\\" openonhover=\\"true\\" maxwidth=\\"auto\\" nudgebottom=\\"0\\" nudgeleft=\\"0\\" nudgeright=\\"0\\" nudgetop=\\"0\\" nudgewidth=\\"0\\" tag=\\"span\\"> <span>'R' key is same feature.</span></v-tooltip-stub>
  <!---->
</v-layout-stub>"
`;
